
> tagt-backend@1.0.0 test
> cross-env NODE_OPTIONS=--experimental-vm-modules dotenv -e .env.test -- jest --runInBand

npm : (node:2632) ExperimentalWarning: 
VM Modules is an experimental feature 
and might change at any time
At line:1 char:1
+ npm run test 2>&1 | Out-File 
-Encoding utf8 test_output_utf8.txt
+ ~~~~~~~~~~~~~~~~~
    + CategoryInfo          : NotSpeci 
   fied: ((node:2632) Exp...nge at an  
  y time:String) [], RemoteException
    + FullyQualifiedErrorId : NativeCo 
   mmandError
 
(Use `node --trace-warnings ...` to 
show where the warning was created)
::ffff:127.0.0.1 - - [11/Mar/2026:19:35:21 +0000] "POST /api/v2/properties HTTP/1.1" 201 448 "-" "-"
::ffff:127.0.0.1 - - [11/Mar/2026:19:35:22 +0000] "POST /api/v2/rooms HTTP/1.1" 201 456 "-" "-"
::ffff:127.0.0.1 - - [11/Mar/2026:19:35:22 +0000] "POST /api/v2/residents HTTP/1.1" 201 768 "-" "-"
::ffff:127.0.0.1 - - [11/Mar/2026:19:35:22 +0000] "GET /api/v2/properties/69b1c3f9570d5384b2592dde HTTP/1.1" 404 48 "-" "-"
PASS tests/simulations/startup_readines
s.test.js (9.967 s)
  ΓùÅ Console

    console.log
      2026-03-11 15:35:20 
[32minfo[39m: ≡ƒöä Initializing 
Redis connection to: 
redis://localhost:6379

      at Console.log (node_modules/wins
ton/lib/winston/transports/console.js:8
7:23)

    console.log
      2026-03-11 15:35:20 
[32minfo[39m: Initializing BullMQ 
Queue: events

      at Console.log (node_modules/wins
ton/lib/winston/transports/console.js:8
7:23)

    console.log
      2026-03-11 15:35:20 
[32minfo[39m: ≡ƒÄ» Domain Event 
Handlers initialized.

      at Console.log (node_modules/wins
ton/lib/winston/transports/console.js:8
7:23)

    console.log
      2026-03-11 15:35:21 
[32minfo[39m: Property added to 
owner: 69b1c3f8570d5384b2592dc9

      at Console.log (node_modules/wins
ton/lib/winston/transports/console.js:8
7:23)

    console.log
      2026-03-11 15:35:21 
[32minfo[39m: Property created by 
owner: 69b1c3f9570d5384b2592dde with 
code AUDITPRO-STA-9114

      at Console.log (node_modules/wins
ton/lib/winston/transports/console.js:8
7:23)

    console.log
      2026-03-11 15:35:21 
[32minfo[39m: [Event] Publishing: 
activity.logged

      at Console.log (node_modules/wins
ton/lib/winston/transports/console.js:8
7:23)

    console.log
      2026-03-11 15:35:22 
[32minfo[39m: Room created: 
AUDIT-101 with 2 beds

      at Console.log (node_modules/wins
ton/lib/winston/transports/console.js:8
7:23)

    console.log
      2026-03-11 15:35:22 
[32minfo[39m: [Event] Publishing: 
activity.logged

      at Console.log (node_modules/wins
ton/lib/winston/transports/console.js:8
7:23)

    console.log
      [ResidentService] Looking up 
property: 69b1c3f9570d5384b2592dde in 
DB: test

      at 
ResidentService.createResidentWorkflow 
(src/services/residentService.js:42:17)

    console.log
      2026-03-11 15:35:22 
[32minfo[39m: Password setup link 
generated

      at Console.log (node_modules/wins
ton/lib/winston/transports/console.js:8
7:23)

    console.log
      [ResidentService] 
sendWelcomeEmailSafe looking up 
property: 69b1c3f9570d5384b2592dde

      at 
ResidentService.sendWelcomeEmailSafe (s
rc/services/residentService.js:138:21)

    console.log
      2026-03-11 15:35:22 
[32minfo[39m: [EMAIL MOCK]To: 
res_1773257722052@test.com | Subject: 
Welcome to Audit Property ≡ƒÅá

      at Console.log (node_modules/wins
ton/lib/winston/transports/console.js:8
7:23)

FAIL 
tests/api/resident_deletion.test.js
  ΓùÅ Console

    console.error
      DELETE RESIDENT ERROR: 
MongoServerError: Unable to acquire IX 
lock on '{5678211074163229429: 
Collection, 1066525055735841525, 
test.users}' within 5ms. opId: 48129, 
op: conn23, connId: 23.
          at Connection.sendCommand 
(C:\my project\TAGT\backend\node_module
s\mongoose\node_modules\mongodb\src\cma
p\connection.ts:559:17)
          at processTicksAndRejections 
(node:internal/process/task_queues:95:5
)
          at Connection.command (C:\my 
project\TAGT\backend\node_modules\mongo
ose\node_modules\mongodb\src\cmap\conne
ction.ts:633:22)
          at Server.command (C:\my proj
ect\TAGT\backend\node_modules\mongoose\
node_modules\mongodb\src\sdam\server.ts
:350:21)
          at tryOperation (C:\my projec
t\TAGT\backend\node_modules\mongoose\no
de_modules\mongodb\src\operations\execu
te_operation.ts:289:24)
          at executeOperation (C:\my pr
oject\TAGT\backend\node_modules\mongoos
e\node_modules\mongodb\src\operations\e
xecute_operation.ts:119:12)
          at FindCursor._initialize 
(C:\my project\TAGT\backend\node_module
s\mongoose\node_modules\mongodb\src\cur
sor\find_cursor.ts:92:22)
          at FindCursor.cursorInit 
(C:\my project\TAGT\backend\node_module
s\mongoose\node_modules\mongodb\src\cur
sor\abstract_cursor.ts:949:21)
          at FindCursor.fetchBatch 
(C:\my project\TAGT\backend\node_module
s\mongoose\node_modules\mongodb\src\cur
sor\abstract_cursor.ts:987:7)
          at FindCursor.next (C:\my pro
ject\TAGT\backend\node_modules\mongoose
\node_modules\mongodb\src\cursor\abstra
ct_cursor.ts:608:9)
          at Collection.findOne (C:\my 
project\TAGT\backend\node_modules\mongo
ose\node_modules\mongodb\src\collection
.ts:552:20)
          at model.Query._findOne 
(C:\my project\TAGT\backend\node_module
s\mongoose\lib\query.js:2710:15)
          at model.Query.exec (C:\my pr
oject\TAGT\backend\node_modules\mongoos
e\lib\query.js:4627:63)
          at deleteResident (C:\my proj
ect\TAGT\backend\src\controllers\v2\res
identController.js:358:26)
          at Object.<anonymous> (C:\my 
project\TAGT\backend\tests\api\resident
_deletion.test.js:62:9) {
        errorLabelSet: Set(1) { 
'TransientTransactionError' },
        errorResponse: {
          errorLabels: [ 
'TransientTransactionError' ],
          ok: 0,
          errmsg: "Unable to acquire 
IX lock on '{5678211074163229429: 
Collection, 1066525055735841525, 
test.users}' within 5ms. opId: 48129, 
op: conn23, connId: 23.",
          code: 24,
          codeName: 'LockTimeout',
          '$clusterTime': {
            clusterTime: new 
Timestamp({ t: 1773257727, i: 52 }),
            signature: [Object]
          },
          operationTime: new 
Timestamp({ t: 1773257727, i: 45 })
        },
        ok: 0,
        code: 24,
        codeName: 'LockTimeout',
        '$clusterTime': {
          clusterTime: new Timestamp({ 
t: 1773257727, i: 52 }),
          signature: {
            hash: Binary.createFromBase
64('AAAAAAAAAAAAAAAAAAAAAAAAAAA=', 0),
            keyId: 0
          }
        },
        operationTime: new Timestamp({ 
t: 1773257727, i: 45 })
      }

    [0m [90m 57 |[39m
     [90m 58 |[39m         
[36mconst[39m next [33m=[39m 
jest[33m.[39mfn((err) [33m=>[39m {
    [31m[1m>[22m[39m[90m 59 
|[39m             [36mif[39m (err) 
console[33m.[39merror([32m"DELETE 
RESIDENT ERROR:"[39m[33m,[39m 
err)[33m;[39m
     [90m    |[39m                   
           [31m[1m^[22m[39m
     [90m 60 |[39m         
})[33m;[39m
     [90m 61 |[39m
     [90m 62 |[39m         
[36mawait[39m 
deleteResident(req[33m,[39m 
res[33m,[39m next)[33m;[39m[0m

      at tests/api/resident_deletion.te
st.js:59:30
      at deleteResident (src/controller
s/v2/residentController.js:398:9)
      at Object.<anonymous> (tests/api/
resident_deletion.test.js:62:9)

    console.error
      Next was called with: 
MongoServerError: Unable to acquire IX 
lock on '{5678211074163229429: 
Collection, 1066525055735841525, 
test.users}' within 5ms. opId: 48129, 
op: conn23, connId: 23.
          at Connection.sendCommand 
(C:\my project\TAGT\backend\node_module
s\mongoose\node_modules\mongodb\src\cma
p\connection.ts:559:17)
          at processTicksAndRejections 
(node:internal/process/task_queues:95:5
)
          at Connection.command (C:\my 
project\TAGT\backend\node_modules\mongo
ose\node_modules\mongodb\src\cmap\conne
ction.ts:633:22)
          at Server.command (C:\my proj
ect\TAGT\backend\node_modules\mongoose\
node_modules\mongodb\src\sdam\server.ts
:350:21)
          at tryOperation (C:\my projec
t\TAGT\backend\node_modules\mongoose\no
de_modules\mongodb\src\operations\execu
te_operation.ts:289:24)
          at executeOperation (C:\my pr
oject\TAGT\backend\node_modules\mongoos
e\node_modules\mongodb\src\operations\e
xecute_operation.ts:119:12)
          at FindCursor._initialize 
(C:\my project\TAGT\backend\node_module
s\mongoose\node_modules\mongodb\src\cur
sor\find_cursor.ts:92:22)
          at FindCursor.cursorInit 
(C:\my project\TAGT\backend\node_module
s\mongoose\node_modules\mongodb\src\cur
sor\abstract_cursor.ts:949:21)
          at FindCursor.fetchBatch 
(C:\my project\TAGT\backend\node_module
s\mongoose\node_modules\mongodb\src\cur
sor\abstract_cursor.ts:987:7)
          at FindCursor.next (C:\my pro
ject\TAGT\backend\node_modules\mongoose
\node_modules\mongodb\src\cursor\abstra
ct_cursor.ts:608:9)
          at Collection.findOne (C:\my 
project\TAGT\backend\node_modules\mongo
ose\node_modules\mongodb\src\collection
.ts:552:20)
          at model.Query._findOne 
(C:\my project\TAGT\backend\node_module
s\mongoose\lib\query.js:2710:15)
          at model.Query.exec (C:\my pr
oject\TAGT\backend\node_modules\mongoos
e\lib\query.js:4627:63)
          at deleteResident (C:\my proj
ect\TAGT\backend\src\controllers\v2\res
identController.js:358:26)
          at Object.<anonymous> (C:\my 
project\TAGT\backend\tests\api\resident
_deletion.test.js:62:9) {
        errorLabelSet: Set(1) { 
'TransientTransactionError' },
        errorResponse: {
          errorLabels: [ 
'TransientTransactionError' ],
          ok: 0,
          errmsg: "Unable to acquire 
IX lock on '{5678211074163229429: 
Collection, 1066525055735841525, 
test.users}' within 5ms. opId: 48129, 
op: conn23, connId: 23.",
          code: 24,
          codeName: 'LockTimeout',
          '$clusterTime': {
            clusterTime: new 
Timestamp({ t: 1773257727, i: 52 }),
            signature: [Object]
          },
          operationTime: new 
Timestamp({ t: 1773257727, i: 45 })
        },
        ok: 0,
        code: 24,
        codeName: 'LockTimeout',
        '$clusterTime': {
          clusterTime: new Timestamp({ 
t: 1773257727, i: 52 }),
          signature: {
            hash: Binary.createFromBase
64('AAAAAAAAAAAAAAAAAAAAAAAAAAA=', 0),
            keyId: 0
          }
        },
        operationTime: new Timestamp({ 
t: 1773257727, i: 45 })
      }

    [0m [90m 63 |[39m
     [90m 64 |[39m         
[36mif[39m (next[33m.[39mmock[33m.
[39mcalls[33m.[39mlength 
[33m>[39m [35m0[39m) {
    [31m[1m>[22m[39m[90m 65 
|[39m             
console[33m.[39merror([32m"Next was 
called with:"[39m[33m,[39m next[33m
.[39mmock[33m.[39mcalls[[35m0[39m]
[[35m0[39m])[33m;[39m
     [90m    |[39m                   
  [31m[1m^[22m[39m
     [90m 66 |[39m         }
     [90m 67 |[39m
     [90m 68 |[39m         expect(res
[33m.[39mbody[33m.[39msuccess)[33m
.[39mtoBe([36mtrue[39m)[33m;[39m[
0m

      at Object.<anonymous> (tests/api/
resident_deletion.test.js:65:21)

  ΓùÅ Resident Deletion Multi-Tenancy 
Suite ΓÇ║ should allow owner1 to 
delete their own resident1

    expect(received).toBe(expected) // 
Object.is equality

    Expected: true
    Received: undefined

    [0m [90m 66 |[39m         }
     [90m 67 |[39m
    [31m[1m>[22m[39m[90m 68 
|[39m         expect(res[33m.[39mbod
y[33m.[39msuccess)[33m.[39mtoBe([3
6mtrue[39m)[33m;[39m
     [90m    |[39m                   
               [31m[1m^[22m[39m
     [90m 69 |[39m
     [90m 70 |[39m         
[36mconst[39m deletedResident 
[33m=[39m [36mawait[39m 
[33mUser[39m[33m.[39mfindOne({ 
_id[33m:[39m 
resident1[33m.[39m_id[33m,[39m 
isDeleted[33m:[39m [36mtrue[39m 
})[33m;[39m
     [90m 71 |[39m         expect(del
etedResident)[33m.[39mnot[33m.[39mt
oBeNull()[33m;[39m[0m

      at Object.<anonymous> (tests/api/
resident_deletion.test.js:68:34)

::ffff:127.0.0.1 - - [11/Mar/2026:19:35:33 +0000] "POST /api/v2/auth/login HTTP/1.1" 400 51 "-" "-"
::ffff:127.0.0.1 - - [11/Mar/2026:19:35:34 +0000] "POST /api/v2/auth/register HTTP/1.1" 201 711 "-" "-"
::ffff:127.0.0.1 - - [11/Mar/2026:19:35:34 +0000] "POST /api/v2/auth/register HTTP/1.1" 201 711 "-" "-"
::ffff:127.0.0.1 - - [11/Mar/2026:19:35:34 +0000] "POST /api/v2/auth/register HTTP/1.1" 200 673 "-" "-"
PASS tests/api/auth.test.js (6.9 s)
  ΓùÅ Console

    console.log
      2026-03-11 15:35:31 
[32minfo[39m: ≡ƒöä Initializing 
Redis connection to: 
redis://localhost:6379

      at Console.log (node_modules/wins
ton/lib/winston/transports/console.js:8
7:23)

    console.log
      2026-03-11 15:35:31 
[32minfo[39m: Initializing BullMQ 
Queue: events

      at Console.log (node_modules/wins
ton/lib/winston/transports/console.js:8
7:23)

    console.log
      2026-03-11 15:35:31 
[32minfo[39m: ≡ƒÄ» Domain Event 
Handlers initialized.

      at Console.log (node_modules/wins
ton/lib/winston/transports/console.js:8
7:23)

::ffff:127.0.0.1 - - [11/Mar/2026:19:35:39 +0000] "GET / HTTP/1.1" 200 74 "-" "-"
PASS tests/api/health.test.js (5.059 s)
  ΓùÅ Console

    console.log
      2026-03-11 15:35:39 
[32minfo[39m: ≡ƒöä Initializing 
Redis connection to: 
redis://localhost:6379

      at Console.log (node_modules/wins
ton/lib/winston/transports/console.js:8
7:23)

    console.log
      2026-03-11 15:35:39 
[32minfo[39m: Initializing BullMQ 
Queue: events

      at Console.log (node_modules/wins
ton/lib/winston/transports/console.js:8
7:23)

    console.log
      2026-03-11 15:35:39 
[32minfo[39m: ≡ƒÄ» Domain Event 
Handlers initialized.

      at Console.log (node_modules/wins
ton/lib/winston/transports/console.js:8
7:23)

::ffff:127.0.0.1 - - [11/Mar/2026:19:35:44 +0000] "GET / HTTP/1.1" 200 74 "-" "-"
::ffff:127.0.0.1 - - [11/Mar/2026:19:35:44 +0000] "GET / HTTP/1.1" 200 74 "-" "-"
PASS tests/integration/health.test.js 
(5.129 s)
  ΓùÅ Console

    console.log
      2026-03-11 15:35:43 
[32minfo[39m: ≡ƒöä Initializing 
Redis connection to: 
redis://localhost:6379

      at Console.log (node_modules/wins
ton/lib/winston/transports/console.js:8
7:23)

    console.log
      2026-03-11 15:35:43 
[32minfo[39m: Initializing BullMQ 
Queue: events

      at Console.log (node_modules/wins
ton/lib/winston/transports/console.js:8
7:23)

    console.log
      2026-03-11 15:35:43 
[32minfo[39m: ≡ƒÄ» Domain Event 
Handlers initialized.

      at Console.log (node_modules/wins
ton/lib/winston/transports/console.js:8
7:23)

PASS tests/api/automation.test.js 
(5.32 s)
PASS 
tests/services/residentService.test.js
  ΓùÅ Console

    console.log
      2026-03-11 15:35:54 
[32minfo[39m: [Event] Publishing: 
resident.approved

      at Console.log (node_modules/wins
ton/lib/winston/transports/console.js:8
7:23)

    console.log
      [ResidentService] Looking up 
property: 69b1c41a4d62a87d91b7bf16 in 
DB: test

      at 
ResidentService.createResidentWorkflow 
(src/services/residentService.js:42:17)

PASS tests/api/rooms.test.js
  ΓùÅ Console

    console.log
      2026-03-11 15:35:58 
[32minfo[39m: Room created: 701 with 
2 beds

      at Console.log (node_modules/wins
ton/lib/winston/transports/console.js:8
7:23)

PASS tests/simple.test.js
PASS tests/integration/eventBus.test.js
  ΓùÅ Console

    console.log
      2026-03-11 15:36:03 
[32minfo[39m: Initializing BullMQ 
Queue: events

      at Console.log (node_modules/wins
ton/lib/winston/transports/console.js:8
7:23)

    console.log
      2026-03-11 15:36:05 
[32minfo[39m: [Event Enqueued] 
test.event

      at Console.log (node_modules/wins
ton/lib/winston/transports/console.js:8
7:23)


Test Suites: 1 failed, 9 passed, 10 
total
Tests:       1 failed, 19 passed, 20 
total
Snapshots:   0 total
Time:        51.133 s
Ran all test suites.
